INFO [2025-07-15 14:18:05] $x
INFO [2025-07-15 14:18:05] data_venn_children
INFO [2025-07-15 14:18:05] 
INFO [2025-07-15 14:18:05] $filename
INFO [2025-07-15 14:18:05] NULL
INFO [2025-07-15 14:18:05] 
INFO [2025-07-15 14:18:05] $fill
INFO [2025-07-15 14:18:05] c("red", "blue", "green")
INFO [2025-07-15 14:18:05] 
INFO [2025-07-15 14:18:05] $alpha
INFO [2025-07-15 14:18:05] [1] 0.5
INFO [2025-07-15 14:18:05] 
INFO [2025-07-15 14:18:05] $cex
INFO [2025-07-15 14:18:05] [1] 2
INFO [2025-07-15 14:18:05] 
INFO [2025-07-15 14:18:05] $cat.cex
INFO [2025-07-15 14:18:05] [1] 2
INFO [2025-07-15 14:18:05] 
INFO [2025-07-15 14:18:05] $cat.col
INFO [2025-07-15 14:18:05] c("red", "blue", "green")
INFO [2025-07-15 14:18:05] 
